#! /usr/bin/vvp
:ivl_version "12.0 (stable)";
:ivl_delay_selection "TYPICAL";
:vpi_time_precision - 12;
:vpi_module "/usr/lib/x86_64-linux-gnu/ivl/system.vpi";
:vpi_module "/usr/lib/x86_64-linux-gnu/ivl/vhdl_sys.vpi";
:vpi_module "/usr/lib/x86_64-linux-gnu/ivl/vhdl_textio.vpi";
:vpi_module "/usr/lib/x86_64-linux-gnu/ivl/v2005_math.vpi";
:vpi_module "/usr/lib/x86_64-linux-gnu/ivl/va_math.vpi";
S_0x606e8f7a5f80 .scope module, "up_down_counter_tb" "up_down_counter_tb" 2 2;
 .timescale -9 -12;
P_0x606e8f7a6110 .param/l "WIDTH" 0 2 7, +C4<00000000000000000000000000000100>;
v0x606e8f7b9f80_0 .var "clk", 0 0;
v0x606e8f7ba040_0 .net "count", 3 0, v0x606e8f7b9c60_0;  1 drivers
v0x606e8f7ba110_0 .var "mode", 0 0;
v0x606e8f7ba210_0 .var "rst", 0 0;
S_0x606e8f7a61b0 .scope module, "dut" "up_down_counter" 2 10, 3 1 0, S_0x606e8f7a5f80;
 .timescale 0 0;
    .port_info 0 /INPUT 1 "clk";
    .port_info 1 /INPUT 1 "rst";
    .port_info 2 /INPUT 1 "mode";
    .port_info 3 /OUTPUT 4 "count";
P_0x606e8f7a6390 .param/l "WIDTH" 0 3 1, +C4<00000000000000000000000000000100>;
v0x606e8f76b5b0_0 .net "clk", 0 0, v0x606e8f7b9f80_0;  1 drivers
v0x606e8f7b9c60_0 .var "count", 3 0;
v0x606e8f7b9d40_0 .net "mode", 0 0, v0x606e8f7ba110_0;  1 drivers
v0x606e8f7b9e10_0 .net "rst", 0 0, v0x606e8f7ba210_0;  1 drivers
E_0x606e8f7a4530 .event posedge, v0x606e8f7b9e10_0, v0x606e8f76b5b0_0;
    .scope S_0x606e8f7a61b0;
T_0 ;
    %wait E_0x606e8f7a4530;
    %load/vec4 v0x606e8f7b9e10_0;
    %flag_set/vec4 8;
    %jmp/0xz  T_0.0, 8;
    %pushi/vec4 0, 0, 4;
    %assign/vec4 v0x606e8f7b9c60_0, 0;
    %jmp T_0.1;
T_0.0 ;
    %load/vec4 v0x606e8f7b9d40_0;
    %nor/r;
    %flag_set/vec4 8;
    %jmp/0xz  T_0.2, 8;
    %load/vec4 v0x606e8f7b9c60_0;
    %addi 1, 0, 4;
    %assign/vec4 v0x606e8f7b9c60_0, 0;
    %jmp T_0.3;
T_0.2 ;
    %load/vec4 v0x606e8f7b9c60_0;
    %subi 1, 0, 4;
    %assign/vec4 v0x606e8f7b9c60_0, 0;
T_0.3 ;
T_0.1 ;
    %jmp T_0;
    .thread T_0;
    .scope S_0x606e8f7a5f80;
T_1 ;
    %pushi/vec4 0, 0, 1;
    %store/vec4 v0x606e8f7b9f80_0, 0, 1;
    %end;
    .thread T_1;
    .scope S_0x606e8f7a5f80;
T_2 ;
    %delay 5000, 0;
    %load/vec4 v0x606e8f7b9f80_0;
    %inv;
    %store/vec4 v0x606e8f7b9f80_0, 0, 1;
    %jmp T_2;
    .thread T_2;
    .scope S_0x606e8f7a5f80;
T_3 ;
    %vpi_call 2 13 "$monitor", "rst = %b, clk = %b, mode = %b, count = %b", v0x606e8f7ba210_0, v0x606e8f7b9f80_0, v0x606e8f7ba110_0, v0x606e8f7ba040_0 {0 0 0};
    %pushi/vec4 1, 0, 1;
    %store/vec4 v0x606e8f7ba210_0, 0, 1;
    %delay 10000, 0;
    %pushi/vec4 0, 0, 1;
    %store/vec4 v0x606e8f7ba210_0, 0, 1;
    %pushi/vec4 0, 0, 1;
    %store/vec4 v0x606e8f7ba110_0, 0, 1;
    %delay 100000, 0;
    %pushi/vec4 1, 0, 1;
    %store/vec4 v0x606e8f7ba210_0, 0, 1;
    %delay 10000, 0;
    %pushi/vec4 0, 0, 1;
    %store/vec4 v0x606e8f7ba210_0, 0, 1;
    %pushi/vec4 1, 0, 1;
    %store/vec4 v0x606e8f7ba110_0, 0, 1;
    %delay 40000, 0;
    %pushi/vec4 1, 0, 1;
    %store/vec4 v0x606e8f7ba210_0, 0, 1;
    %delay 10000, 0;
    %pushi/vec4 0, 0, 1;
    %store/vec4 v0x606e8f7ba210_0, 0, 1;
    %delay 300000, 0;
    %vpi_call 2 26 "$finish" {0 0 0};
    %end;
    .thread T_3;
# The file index is used to find the file name in the following table.
:file_names 4;
    "N/A";
    "<interactive>";
    "up_down_counter_tb.v";
    "up_down_counter.v";
